// Jest Snapshot v1, https://goo.gl/fbAQLP

exports[`App should render with snapshot 1`] = `
Object {
  "asFragment": [Function],
  "baseElement": <body>
    <div>
      <div
        class="flex bg-gray-100 flex-grow flex-col p-3 min-h-screen content-center"
      >
        <div
          class="flex flex-grow flex-wrap justify-between"
        >
          <div
            class="text-xs text-gray-800 font-semibold"
          >
            December 18, 2021
          </div>
          <div
            class="text-xs font-light"
          >
            11:32 PM CST
          </div>
        </div>
        <div
          class="flex flex-grow"
        >
          <button
            class="w-full border border-transparent text-xs font-semibold font-medium rounded-md shadow-sm text-white bg-blue-500 hover:bg-blue-600 focus:outline-none focus:ring-2 focus:ring-offset-2 focus:ring-blue-400"
            type="button"
          >
            Launch SaleSpot
          </button>
        </div>
        <div
          class="flex flex-grow flex-wrap justify-between items-center"
        >
          <div
            class=""
          >
            <img
              alt="SaleSpot"
              class="inline w-16 mr-1"
              src="test-file-stub"
            />
            <span
              class="inline text-xs text-gray-400 font-light"
              style="font-size: 8px;"
            >
              ⌘ + Y to toggle
            </span>
          </div>
          <div
            class="text-gray-700"
          >
            <svg
              aria-hidden="true"
              class="h-4 w-4 cursor-pointer"
              fill="currentColor"
              viewBox="0 0 20 20"
              xmlns="http://www.w3.org/2000/svg"
            >
              <path
                clip-rule="evenodd"
                d="M11.49 3.17c-.38-1.56-2.6-1.56-2.98 0a1.532 1.532 0 01-2.286.948c-1.372-.836-2.942.734-2.106 2.106.54.886.061 2.042-.947 2.287-1.561.379-1.561 2.6 0 2.978a1.532 1.532 0 01.947 2.287c-.836 1.372.734 2.942 2.106 2.106a1.532 1.532 0 012.287.947c.379 1.561 2.6 1.561 2.978 0a1.533 1.533 0 012.287-.947c1.372.836 2.942-.734 2.106-2.106a1.533 1.533 0 01.947-2.287c1.561-.379 1.561-2.6 0-2.978a1.532 1.532 0 01-.947-2.287c.836-1.372-.734-2.942-2.106-2.106a1.532 1.532 0 01-2.287-.947zM10 13a3 3 0 100-6 3 3 0 000 6z"
                fill-rule="evenodd"
              />
            </svg>
          </div>
        </div>
      </div>
    </div>
  </body>,
  "container": <div>
    <div
      class="flex bg-gray-100 flex-grow flex-col p-3 min-h-screen content-center"
    >
      <div
        class="flex flex-grow flex-wrap justify-between"
      >
        <div
          class="text-xs text-gray-800 font-semibold"
        >
          December 18, 2021
        </div>
        <div
          class="text-xs font-light"
        >
          11:32 PM CST
        </div>
      </div>
      <div
        class="flex flex-grow"
      >
        <button
          class="w-full border border-transparent text-xs font-semibold font-medium rounded-md shadow-sm text-white bg-blue-500 hover:bg-blue-600 focus:outline-none focus:ring-2 focus:ring-offset-2 focus:ring-blue-400"
          type="button"
        >
          Launch SaleSpot
        </button>
      </div>
      <div
        class="flex flex-grow flex-wrap justify-between items-center"
      >
        <div
          class=""
        >
          <img
            alt="SaleSpot"
            class="inline w-16 mr-1"
            src="test-file-stub"
          />
          <span
            class="inline text-xs text-gray-400 font-light"
            style="font-size: 8px;"
          >
            ⌘ + Y to toggle
          </span>
        </div>
        <div
          class="text-gray-700"
        >
          <svg
            aria-hidden="true"
            class="h-4 w-4 cursor-pointer"
            fill="currentColor"
            viewBox="0 0 20 20"
            xmlns="http://www.w3.org/2000/svg"
          >
            <path
              clip-rule="evenodd"
              d="M11.49 3.17c-.38-1.56-2.6-1.56-2.98 0a1.532 1.532 0 01-2.286.948c-1.372-.836-2.942.734-2.106 2.106.54.886.061 2.042-.947 2.287-1.561.379-1.561 2.6 0 2.978a1.532 1.532 0 01.947 2.287c-.836 1.372.734 2.942 2.106 2.106a1.532 1.532 0 012.287.947c.379 1.561 2.6 1.561 2.978 0a1.533 1.533 0 012.287-.947c1.372.836 2.942-.734 2.106-2.106a1.533 1.533 0 01.947-2.287c1.561-.379 1.561-2.6 0-2.978a1.532 1.532 0 01-.947-2.287c.836-1.372-.734-2.942-2.106-2.106a1.532 1.532 0 01-2.287-.947zM10 13a3 3 0 100-6 3 3 0 000 6z"
              fill-rule="evenodd"
            />
          </svg>
        </div>
      </div>
    </div>
  </div>,
  "debug": [Function],
  "findAllByAltText": [Function],
  "findAllByDisplayValue": [Function],
  "findAllByLabelText": [Function],
  "findAllByPlaceholderText": [Function],
  "findAllByRole": [Function],
  "findAllByTestId": [Function],
  "findAllByText": [Function],
  "findAllByTitle": [Function],
  "findByAltText": [Function],
  "findByDisplayValue": [Function],
  "findByLabelText": [Function],
  "findByPlaceholderText": [Function],
  "findByRole": [Function],
  "findByTestId": [Function],
  "findByText": [Function],
  "findByTitle": [Function],
  "getAllByAltText": [Function],
  "getAllByDisplayValue": [Function],
  "getAllByLabelText": [Function],
  "getAllByPlaceholderText": [Function],
  "getAllByRole": [Function],
  "getAllByTestId": [Function],
  "getAllByText": [Function],
  "getAllByTitle": [Function],
  "getByAltText": [Function],
  "getByDisplayValue": [Function],
  "getByLabelText": [Function],
  "getByPlaceholderText": [Function],
  "getByRole": [Function],
  "getByTestId": [Function],
  "getByText": [Function],
  "getByTitle": [Function],
  "queryAllByAltText": [Function],
  "queryAllByDisplayValue": [Function],
  "queryAllByLabelText": [Function],
  "queryAllByPlaceholderText": [Function],
  "queryAllByRole": [Function],
  "queryAllByTestId": [Function],
  "queryAllByText": [Function],
  "queryAllByTitle": [Function],
  "queryByAltText": [Function],
  "queryByDisplayValue": [Function],
  "queryByLabelText": [Function],
  "queryByPlaceholderText": [Function],
  "queryByRole": [Function],
  "queryByTestId": [Function],
  "queryByText": [Function],
  "queryByTitle": [Function],
  "rerender": [Function],
  "unmount": [Function],
}
`;
